
> hireveri-calm@0.1.0 build
> node scripts/prisma-generate-if-possible.js && tsc --noEmit && next build

node.exe : [prisma-generate-if-possible] prisma generate failed, but an existing generated client was found. 
Continuing.
At line:1 char:1
+ & "C:\Program Files\nodejs/node.exe" "C:\Program Files\nodejs/node_mo ...
+ ~~~~~~~~~~~~~~~~~~~~~~~~~~~~~~~~~~~~~~~~~~~~~~~~~~~~~~~~~~~~~~~~~~~~~
    + CategoryInfo          : NotSpecified: ([prisma-generat...nd. Continuing.:String) [], RemoteException
    + FullyQualifiedErrorId : NativeCommandError
 
▲ Next.js 16.1.1 (Turbopack)
- Environments: .env.local, .env
- Experiments (use with caution):
  · cpus: 1
  ✓ workerThreads

  Creating an optimized production build ...
✓ Compiled successfully in 25.2s
  Skipping validation of types
  Collecting page data using 1 worker ...
  Generating static pages using 1 worker (0/3) ...

> Build error occurred
Error [DataCloneError]: ()=>null could not be cloned.
    at new Promise (<anonymous>) {
  code: 25,
  INDEX_SIZE_ERR: 1,
  DOMSTRING_SIZE_ERR: 2,
  HIERARCHY_REQUEST_ERR: 3,
  WRONG_DOCUMENT_ERR: 4,
  INVALID_CHARACTER_ERR: 5,
  NO_DATA_ALLOWED_ERR: 6,
  NO_MODIFICATION_ALLOWED_ERR: 7,
  NOT_FOUND_ERR: 8,
  NOT_SUPPORTED_ERR: 9,
  INUSE_ATTRIBUTE_ERR: 10,
  INVALID_STATE_ERR: 11,
  SYNTAX_ERR: 12,
  INVALID_MODIFICATION_ERR: 13,
  NAMESPACE_ERR: 14,
  INVALID_ACCESS_ERR: 15,
  VALIDATION_ERR: 16,
  TYPE_MISMATCH_ERR: 17,
  SECURITY_ERR: 18,
  NETWORK_ERR: 19,
  ABORT_ERR: 20,
  URL_MISMATCH_ERR: 21,
  QUOTA_EXCEEDED_ERR: 22,
  TIMEOUT_ERR: 23,
  INVALID_NODE_TYPE_ERR: 24,
  DATA_CLONE_ERR: 25
}
